2026-07-25 15:55:27,596 [INFO] [main] __main__: [emulator-5554] Reset cờ đầy kho
2026-07-25 15:55:27,600 [INFO] [main] __main__: [LDPlayer-0] Bắt đầu auto | Config: test_ban
2026-07-25 15:55:27,603 [INFO] [main] core.adb: [ADB] Kết nối thành công: emulator-5554
2026-07-25 15:55:27,632 [INFO] [LDPlayer-0] __main__: [LDPlayer-0] Kết nối thành công | Config: test_ban
2026-07-25 15:55:27,646 [INFO] [LDPlayer-0] __main__: [LDPlayer-0] [DEBUG RESTART] Đã chạy: 0.00 phút / Yêu cầu: 1.20 phút
2026-07-25 15:55:27,660 [INFO] [LDPlayer-0] __main__: [LDPlayer-0] [test_ban] LẶP 1
2026-07-25 15:55:27,699 [INFO] [LDPlayer-0] core.sxcam: [SXCAM] Bắt đầu tiến trình sản xuất cám cho emulator-5554
2026-07-25 15:55:28,724 [INFO] [LDPlayer-0] core.image: [FIND_COLOR] 0: (318,437) shape=0.993 color=0.996 combined=0.995
2026-07-25 15:55:28,725 [INFO] [LDPlayer-0] utils.utils: Nhận diện hàng hiện tại: 0 (lần 1)
2026-07-25 15:55:28,740 [INFO] [LDPlayer-0] utils.utils: Hàng hiện tại: 0 (level 0), cần đến: 0 (level 0)
2026-07-25 15:55:28,755 [INFO] [LDPlayer-0] utils.utils: Máy 0 và 0 cùng khung hình, không cần scroll
2026-07-25 15:55:29,425 [INFO] [LDPlayer-0] core.image: [FIND_COLOR] sxcam_soi: (473,763) shape=0.979 color=0.994 combined=0.988
2026-07-25 15:55:29,427 [INFO] [LDPlayer-0] core.sxcam: [SXCAM] Thấy sxcam_soi.png, click vào
2026-07-25 15:55:33,582 [INFO] [LDPlayer-0] core.sxcam: [SXCAM] Chưa tìm thấy sxcam_sx.png ở lần thử 1, vuốt sang trái
2026-07-25 15:55:36,751 [INFO] [LDPlayer-0] core.sxcam: [SXCAM] Chưa tìm thấy sxcam_sx.png ở lần thử 2, vuốt sang trái
2026-07-25 15:55:39,909 [INFO] [LDPlayer-0] core.sxcam: [SXCAM] Chưa tìm thấy sxcam_sx.png ở lần thử 3, vuốt sang trái
2026-07-25 15:55:43,022 [INFO] [LDPlayer-0] core.sxcam: [SXCAM] Chưa tìm thấy sxcam_sx.png ở lần thử 4, vuốt sang trái
2026-07-25 15:55:46,169 [INFO] [LDPlayer-0] core.sxcam: [SXCAM] Chưa tìm thấy sxcam_sx.png ở lần thử 5, vuốt sang trái
2026-07-25 15:55:48,689 [WARNING] [LDPlayer-0] core.sxcam: [SXCAM] Không tìm thấy sxcam_sx.png sau 5 lần thử, thoát
2026-07-25 15:55:50,057 [INFO] [LDPlayer-0] __main__: [LDPlayer-0] [test_ban] Bán vật phẩm
2026-07-25 15:55:50,105 [INFO] [LDPlayer-0] core.ban_do: Danh sách template QC từ config: ['assets/items/ch_tinh_dau_tao.png', 'assets/items/ch_vai_vang.png', 'assets/items/ch_tra_hoa_hong.png'] và sau khi chuẩn hóa: ['assets/items/ch_tinh_dau_tao.png', 'assets/items/ch_vai_vang.png', 'assets/items/ch_tra_hoa_hong.png']
2026-07-25 15:55:50,106 [INFO] [LDPlayer-0] core.ban_do: Danh sách template xé KC từ config: ['assets/items/ch_tra_hoa_hong.png'] và sau khi chuẩn hóa: ['assets/items/ch_tra_hoa_hong.png']
2026-07-25 15:55:50,171 [INFO] [LDPlayer-0] core.ban_do: [STOCK] Tat check stock, ban theo thu tu VP cau hinh
2026-07-25 15:55:50,219 [INFO] [LDPlayer-0] core.ban_do: [STOCK] Bo qua check stock
2026-07-25 15:55:50,238 [INFO] [LDPlayer-0] core.ban_do: === BÁN HÀNG: kho=KTP, ô=4, VP=[{'path': 'assets/items/kho_tinh_dau_tao.png'}, {'path': 'assets/items/kho_vai_vang.png'}, {'path': 'assets/items/kho_tra_hoa_hong.png'}], QC=True, xé KC=False, threshold=0.85, color=0.6 ===
2026-07-25 15:55:50,254 [INFO] [LDPlayer-0] core.ban_do: [BAN DO] Ke hoach ban ngau nhien 4/4 lan: ['kho_tinh_dau_tao', 'kho_vai_vang', 'kho_tra_hoa_hong', 'kho_tinh_dau_tao']
2026-07-25 15:55:50,308 [INFO] [LDPlayer-0] core.ban_do: --- Đặt ô 1/4 ---
2026-07-25 15:55:50,995 [INFO] [LDPlayer-0] core.ban_do: Chưa ở cửa hàng, kiểm tra vị trí...
2026-07-25 15:55:51,992 [INFO] [LDPlayer-0] core.image: [FIND_COLOR] 0: (318,437) shape=0.993 color=0.996 combined=0.995
2026-07-25 15:55:51,994 [INFO] [LDPlayer-0] utils.utils: Nhận diện hàng hiện tại: 0 (lần 1)
2026-07-25 15:55:52,011 [INFO] [LDPlayer-0] core.ban_do: Đang ở hàng 0 (nhà), OK
2026-07-25 15:55:52,645 [WARNING] [LDPlayer-0] core.ban_do: Không tìm thấy nút X
2026-07-25 15:55:54,508 [INFO] [LDPlayer-0] core.image: [FIND_COLOR] quay_hang_on: (350,236) shape=1.000 color=0.982 combined=0.989
2026-07-25 15:55:54,510 [INFO] [LDPlayer-0] core.ban_do: Đã mở cửa hàng thành công
2026-07-25 15:55:56,123 [INFO] [LDPlayer-0] core.ban_do: Không tìm thấy ô trống, kéo quầy sang trái (1/3)...
2026-07-25 15:55:58,064 [INFO] [LDPlayer-0] core.ban_do: Kéo quầy hàng sang trái: (400,430) → (200,430)
2026-07-25 15:55:59,704 [INFO] [LDPlayer-0] core.ban_do: Không tìm thấy ô trống, kéo quầy sang trái (2/3)...
2026-07-25 15:56:01,632 [INFO] [LDPlayer-0] core.ban_do: Kéo quầy hàng sang trái: (400,430) → (200,430)
2026-07-25 15:56:03,173 [INFO] [LDPlayer-0] core.image: [FIND_COLOR] vang3: (376,499) shape=0.903 color=0.987 combined=0.953
2026-07-25 15:56:03,174 [INFO] [LDPlayer-0] core.ban_do: Tim thay o vang tai (np.int64(376), np.int64(499)) (sau 2 lan keo)
2026-07-25 15:56:06,695 [INFO] [LDPlayer-0] core.ban_do: Chon kho bang toa do co dinh: (361, 353)
2026-07-25 15:56:08,537 [INFO] [LDPlayer-0] core.ban_do: [STOCK] Thu SP voi danh sach: [{'path': 'assets/items/kho_tinh_dau_tao.png'}, {'path': 'assets/items/kho_vai_vang.png'}, {'path': 'assets/items/kho_tra_hoa_hong.png'}]
2026-07-25 15:56:08,538 [INFO] [LDPlayer-0] core.ban_do: [STOCK] Thu SP theo thu tu: [{'path': 'assets/items/kho_tinh_dau_tao.png', 'threshold': 0.85, 'color_threshold': 0.6, 'region': None}, {'path': 'assets/items/kho_vai_vang.png', 'threshold': 0.85, 'color_threshold': 0.6, 'region': None}, {'path': 'assets/items/kho_tra_hoa_hong.png', 'threshold': 0.85, 'color_threshold': 0.6, 'region': None}]
2026-07-25 15:56:09,335 [INFO] [LDPlayer-0] core.image: [FIND_COLOR] kho_tinh_dau_tao: (58,311) shape=0.980 color=0.999 combined=0.991
2026-07-25 15:56:13,413 [INFO] [LDPlayer-0] core.ban_do: Đặt bán 'kho_tinh_dau_tao' thành công!
2026-07-25 15:56:13,733 [INFO] [LDPlayer-0] core.ban_do: --- Đặt ô 2/4 ---
2026-07-25 15:56:14,298 [INFO] [LDPlayer-0] core.image: [FIND_COLOR] quay_hang_on: (350,236) shape=1.000 color=0.982 combined=0.989
2026-07-25 15:56:14,300 [INFO] [LDPlayer-0] core.ban_do: Đã ở cửa hàng
2026-07-25 15:56:15,946 [INFO] [LDPlayer-0] core.ban_do: Không tìm thấy ô trống, kéo quầy sang trái (1/3)...
2026-07-25 15:56:18,391 [INFO] [LDPlayer-0] core.ban_do: Kéo quầy hàng sang trái: (400,430) → (200,430)
2026-07-25 15:56:19,976 [INFO] [LDPlayer-0] core.ban_do: Không tìm thấy ô trống, kéo quầy sang trái (2/3)...
2026-07-25 15:56:21,903 [INFO] [LDPlayer-0] core.ban_do: Kéo quầy hàng sang trái: (400,430) → (200,430)
2026-07-25 15:56:23,578 [INFO] [LDPlayer-0] core.ban_do: Không tìm thấy ô trống, kéo quầy sang trái (3/3)...
2026-07-25 15:56:25,493 [INFO] [LDPlayer-0] core.ban_do: Kéo quầy hàng sang trái: (400,430) → (200,430)
2026-07-25 15:56:27,134 [WARNING] [LDPlayer-0] core.ban_do: Không tìm thấy ô trống sau 3 lần kéo (đã xem hết 20 ô)
2026-07-25 15:56:27,136 [WARNING] [LDPlayer-0] core.ban_do: Hết ô trống, dừng bán
2026-07-25 15:56:27,689 [WARNING] [LDPlayer-0] core.ban_do: Không tìm thấy nút X
2026-07-25 15:56:28,219 [INFO] [LDPlayer-0] core.image: [FIND_COLOR] quay_hang_on: (350,236) shape=1.000 color=0.982 combined=0.989
2026-07-25 15:56:28,222 [INFO] [LDPlayer-0] core.ban_do: Vẫn đang ở cửa hàng sau khi đặt bán, về nhà để reset trạng thái...
2026-07-25 15:56:28,575 [INFO] [LDPlayer-0] core.ban_do: === Hoàn thành bán hàng ===
2026-07-25 15:56:28,576 [INFO] [LDPlayer-0] __main__: [LDPlayer-0] [DEBUG RESTART] Đã chạy: 1.02 phút / Yêu cầu: 1.20 phút
2026-07-25 15:56:28,590 [INFO] [LDPlayer-0] __main__: [LDPlayer-0] [test_ban] LẶP 2
2026-07-25 15:56:28,621 [INFO] [LDPlayer-0] __main__: [LDPlayer-0] [test_ban] Bán vật phẩm
2026-07-25 15:56:28,639 [INFO] [LDPlayer-0] core.ban_do: Danh sách template QC từ config: ['assets/items/ch_tinh_dau_tao.png', 'assets/items/ch_vai_vang.png', 'assets/items/ch_tra_hoa_hong.png'] và sau khi chuẩn hóa: ['assets/items/ch_tinh_dau_tao.png', 'assets/items/ch_vai_vang.png', 'assets/items/ch_tra_hoa_hong.png']
2026-07-25 15:56:28,646 [INFO] [LDPlayer-0] core.ban_do: Danh sách template xé KC từ config: ['assets/items/ch_tra_hoa_hong.png'] và sau khi chuẩn hóa: ['assets/items/ch_tra_hoa_hong.png']
2026-07-25 15:56:28,704 [INFO] [LDPlayer-0] core.ban_do: [STOCK] Tat check stock, ban theo thu tu VP cau hinh
2026-07-25 15:56:28,747 [INFO] [LDPlayer-0] core.ban_do: [STOCK] Bo qua check stock
2026-07-25 15:56:28,767 [INFO] [LDPlayer-0] core.ban_do: === BÁN HÀNG: kho=KTP, ô=4, VP=[{'path': 'assets/items/kho_tinh_dau_tao.png'}, {'path': 'assets/items/kho_vai_vang.png'}, {'path': 'assets/items/kho_tra_hoa_hong.png'}], QC=True, xé KC=False, threshold=0.85, color=0.6 ===
2026-07-25 15:56:28,786 [INFO] [LDPlayer-0] core.ban_do: [BAN DO] Ke hoach ban ngau nhien 4/4 lan: ['kho_vai_vang', 'kho_tinh_dau_tao', 'kho_tra_hoa_hong', 'kho_vai_vang']
2026-07-25 15:56:28,877 [INFO] [LDPlayer-0] core.ban_do: --- Đặt ô 1/4 ---
2026-07-25 15:56:29,554 [INFO] [LDPlayer-0] core.ban_do: Chưa ở cửa hàng, kiểm tra vị trí...
2026-07-25 15:56:30,528 [INFO] [LDPlayer-0] core.image: [FIND_COLOR] 0: (318,437) shape=0.993 color=0.996 combined=0.995
2026-07-25 15:56:30,529 [INFO] [LDPlayer-0] utils.utils: Nhận diện hàng hiện tại: 0 (lần 1)
2026-07-25 15:56:30,545 [INFO] [LDPlayer-0] core.ban_do: Đang ở hàng 0 (nhà), OK
2026-07-25 15:56:31,147 [WARNING] [LDPlayer-0] core.ban_do: Không tìm thấy nút X
2026-07-25 15:56:33,106 [INFO] [LDPlayer-0] core.image: [FIND_COLOR] quay_hang_on: (350,236) shape=1.000 color=0.982 combined=0.989
2026-07-25 15:56:33,110 [INFO] [LDPlayer-0] core.ban_do: Đã mở cửa hàng thành công
2026-07-25 15:56:34,752 [INFO] [LDPlayer-0] core.ban_do: Không tìm thấy ô trống, kéo quầy sang trái (1/3)...
2026-07-25 15:56:36,680 [INFO] [LDPlayer-0] core.ban_do: Kéo quầy hàng sang trái: (400,430) → (200,430)
2026-07-25 15:56:38,335 [INFO] [LDPlayer-0] core.ban_do: Không tìm thấy ô trống, kéo quầy sang trái (2/3)...
2026-07-25 15:56:40,330 [INFO] [LDPlayer-0] core.ban_do: Kéo quầy hàng sang trái: (400,430) → (200,430)
2026-07-25 15:56:41,962 [INFO] [LDPlayer-0] core.ban_do: Không tìm thấy ô trống, kéo quầy sang trái (3/3)...
2026-07-25 15:56:43,916 [INFO] [LDPlayer-0] core.ban_do: Kéo quầy hàng sang trái: (400,430) → (200,430)
2026-07-25 15:56:45,558 [WARNING] [LDPlayer-0] core.ban_do: Không tìm thấy ô trống sau 3 lần kéo (đã xem hết 20 ô)
2026-07-25 15:56:45,560 [WARNING] [LDPlayer-0] core.ban_do: Hết ô trống, dừng bán
2026-07-25 15:56:46,618 [INFO] [LDPlayer-0] core.image: [FIND_COLOR] ch_tinh_dau_tao: (343,490) shape=0.996 color=0.967 combined=0.979
2026-07-25 15:56:46,621 [INFO] [LDPlayer-0] core.ban_do: Tìm thấy VP 'ch_tinh_dau_tao' đã đặt bán tại (np.int64(343), np.int64(490)), click để bật QC
2026-07-25 15:56:47,707 [WARNING] [LDPlayer-0] core.ban_do: Không tìm thấy nút QC sau khi click VP 'ch_tinh_dau_tao'!
2026-07-25 15:56:48,594 [INFO] [LDPlayer-0] core.image: [FIND_COLOR] nut_x: (485,239) shape=0.973 color=0.989 combined=0.983
2026-07-25 15:56:48,595 [INFO] [LDPlayer-0] core.ban_do: Bấm nút X đóng popup tại (485, 239)
2026-07-25 15:56:50,518 [INFO] [LDPlayer-0] core.image: [FIND_COLOR] ch_tra_hoa_hong: (446,332) shape=0.997 color=0.986 combined=0.990
2026-07-25 15:56:50,519 [INFO] [LDPlayer-0] core.ban_do: Tìm thấy VP 'ch_tra_hoa_hong' đã đặt bán tại (np.int64(446), np.int64(332)), click để bật QC
2026-07-25 15:56:51,616 [INFO] [LDPlayer-0] core.image: [FIND_COLOR] dat_quang_cao REJECT (no candidate passed color_threshold=0.6)
2026-07-25 15:56:51,619 [WARNING] [LDPlayer-0] core.ban_do: Không tìm thấy nút QC sau khi click VP 'ch_tra_hoa_hong'!
2026-07-25 15:56:52,099 [INFO] [LDPlayer-0] core.image: [FIND_COLOR] nut_x: (485,239) shape=0.973 color=0.989 combined=0.983
2026-07-25 15:56:52,101 [INFO] [LDPlayer-0] core.ban_do: Bấm nút X đóng popup tại (485, 239)
2026-07-25 15:56:53,269 [WARNING] [LDPlayer-0] core.ban_do: Không tìm thấy VP nào đã đặt bán để bật QC!
2026-07-25 15:56:53,877 [WARNING] [LDPlayer-0] core.ban_do: Không tìm thấy nút X
2026-07-25 15:56:54,478 [INFO] [LDPlayer-0] core.image: [FIND_COLOR] quay_hang_on: (350,236) shape=1.000 color=0.982 combined=0.989
2026-07-25 15:56:54,478 [INFO] [LDPlayer-0] core.ban_do: Vẫn đang ở cửa hàng sau khi đặt bán, về nhà để reset trạng thái...
2026-07-25 15:56:54,813 [INFO] [LDPlayer-0] core.ban_do: === Hoàn thành bán hàng ===
2026-07-25 15:56:54,815 [INFO] [LDPlayer-0] __main__: [LDPlayer-0] [DEBUG RESTART] Đã chạy: 1.45 phút / Yêu cầu: 1.20 phút
2026-07-25 15:56:54,830 [INFO] [LDPlayer-0] __main__: [LDPlayer-0] Đã chạy liên tục 0.02 giờ. Tiến hành restart LDPlayer...
2026-07-25 15:56:54,870 [INFO] [main] __main__: [LDPlayer-0] Đang dừng...
2026-07-25 16:00:33,856 [INFO] [main] __main__: [emulator-5554] Reset cờ đầy kho
2026-07-25 16:00:33,862 [INFO] [main] __main__: [LDPlayer-0] Bắt đầu auto | Config: test_ban
2026-07-25 16:00:33,864 [INFO] [main] core.adb: [ADB] Kết nối thành công: emulator-5554
2026-07-25 16:00:33,899 [INFO] [LDPlayer-0] __main__: [LDPlayer-0] Kết nối thành công | Config: test_ban
2026-07-25 16:00:33,914 [INFO] [LDPlayer-0] __main__: [LDPlayer-0] [DEBUG RESTART] Đã chạy: 0.00 phút / Yêu cầu: 1.20 phút
2026-07-25 16:00:33,926 [INFO] [LDPlayer-0] __main__: [LDPlayer-0] [test_ban] LẶP 1
2026-07-25 16:00:33,967 [INFO] [LDPlayer-0] core.sxcam: [SXCAM] Bắt đầu tiến trình sản xuất cám cho emulator-5554
2026-07-25 16:00:34,912 [INFO] [LDPlayer-0] core.image: [FIND_COLOR] 0: (318,437) shape=0.993 color=0.996 combined=0.995
2026-07-25 16:00:34,913 [INFO] [LDPlayer-0] utils.utils: Nhận diện hàng hiện tại: 0 (lần 1)
2026-07-25 16:00:34,928 [INFO] [LDPlayer-0] utils.utils: Hàng hiện tại: 0 (level 0), cần đến: 0 (level 0)
2026-07-25 16:00:34,944 [INFO] [LDPlayer-0] utils.utils: Máy 0 và 0 cùng khung hình, không cần scroll
2026-07-25 16:00:35,609 [INFO] [LDPlayer-0] core.image: [FIND_COLOR] sxcam_soi: (473,763) shape=0.966 color=0.990 combined=0.980
2026-07-25 16:00:35,611 [INFO] [LDPlayer-0] core.sxcam: [SXCAM] Thấy sxcam_soi.png, click vào
2026-07-25 16:00:39,084 [INFO] [LDPlayer-0] core.image: [FIND_COLOR] sxcam_log: (31,768) shape=1.000 color=1.000 combined=1.000
2026-07-25 16:00:39,086 [INFO] [LDPlayer-0] core.sxcam: [SXCAM] Phát hiện sxcam_log.png, nhấn thoát mặc định
2026-07-25 16:00:41,084 [INFO] [LDPlayer-0] core.image: [FIND_COLOR] sxcam_sx: (300,592) shape=0.821 color=0.993 combined=0.924
2026-07-25 16:00:41,088 [INFO] [LDPlayer-0] core.sxcam: [SXCAM] Tìm thấy sxcam_sx.png tại (np.int64(300), np.int64(592)), tap vào
2026-07-25 16:00:43,974 [INFO] [LDPlayer-0] core.image: [FIND_COLOR] sxcam_luami: (327,309) shape=0.838 color=1.000 combined=0.935
2026-07-25 16:00:43,977 [INFO] [LDPlayer-0] core.sxcam: [SXCAM] Tìm thấy sxcam_luami.png tại (np.int64(327), np.int64(309)), kéo đến INDEX_SXCAM (178, 471)
2026-07-25 16:00:51,159 [INFO] [LDPlayer-0] core.sxcam: [SXCAM] Bấm thoát mặc định
2026-07-25 16:00:54,779 [INFO] [LDPlayer-0] core.image: [FIND_COLOR] sxcam_venha: (28,770) shape=1.000 color=1.000 combined=1.000
2026-07-25 16:00:54,781 [INFO] [LDPlayer-0] core.sxcam: [SXCAM] Tìm thấy sxcam_venha.png, click để về nhà
2026-07-25 16:01:00,121 [INFO] [LDPlayer-0] core.sxcam: [SXCAM] Hoàn thành tiến trình sản xuất cám
2026-07-25 16:01:00,122 [INFO] [LDPlayer-0] __main__: [LDPlayer-0] [test_ban] Đã xử lý sản xuất cám
2026-07-25 16:01:00,155 [INFO] [LDPlayer-0] __main__: [LDPlayer-0] [test_ban] Bán vật phẩm
2026-07-25 16:01:00,178 [INFO] [LDPlayer-0] core.ban_do: Danh sách template QC từ config: ['assets/items/ch_tinh_dau_tao.png', 'assets/items/ch_vai_vang.png', 'assets/items/ch_tra_hoa_hong.png'] và sau khi chuẩn hóa: ['assets/items/ch_tinh_dau_tao.png', 'assets/items/ch_vai_vang.png', 'assets/items/ch_tra_hoa_hong.png']
2026-07-25 16:01:00,179 [INFO] [LDPlayer-0] core.ban_do: Danh sách template xé KC từ config: ['assets/items/ch_tra_hoa_hong.png'] và sau khi chuẩn hóa: ['assets/items/ch_tra_hoa_hong.png']
2026-07-25 16:01:00,235 [INFO] [LDPlayer-0] core.ban_do: [STOCK] Tat check stock, ban theo thu tu VP cau hinh
2026-07-25 16:01:00,279 [INFO] [LDPlayer-0] core.ban_do: [STOCK] Bo qua check stock
2026-07-25 16:01:00,297 [INFO] [LDPlayer-0] core.ban_do: === BÁN HÀNG: kho=KTP, ô=4, VP=[{'path': 'assets/items/kho_tinh_dau_tao.png'}, {'path': 'assets/items/kho_vai_vang.png'}, {'path': 'assets/items/kho_tra_hoa_hong.png'}], QC=True, xé KC=False, threshold=0.85, color=0.6 ===
2026-07-25 16:01:00,313 [INFO] [LDPlayer-0] core.ban_do: [BAN DO] Ke hoach ban ngau nhien 4/4 lan: ['kho_tra_hoa_hong', 'kho_vai_vang', 'kho_tinh_dau_tao', 'kho_tra_hoa_hong']
2026-07-25 16:01:00,363 [INFO] [LDPlayer-0] core.ban_do: --- Đặt ô 1/4 ---
2026-07-25 16:01:01,016 [INFO] [LDPlayer-0] core.ban_do: Chưa ở cửa hàng, kiểm tra vị trí...
2026-07-25 16:01:01,964 [INFO] [LDPlayer-0] core.image: [FIND_COLOR] 0: (318,437) shape=0.993 color=0.996 combined=0.995
2026-07-25 16:01:01,966 [INFO] [LDPlayer-0] utils.utils: Nhận diện hàng hiện tại: 0 (lần 1)
2026-07-25 16:01:01,981 [INFO] [LDPlayer-0] core.ban_do: Đang ở hàng 0 (nhà), OK
2026-07-25 16:01:02,628 [WARNING] [LDPlayer-0] core.ban_do: Không tìm thấy nút X
2026-07-25 16:01:04,553 [INFO] [LDPlayer-0] core.image: [FIND_COLOR] quay_hang_on: (350,236) shape=1.000 color=0.982 combined=0.989
2026-07-25 16:01:04,554 [INFO] [LDPlayer-0] core.ban_do: Đã mở cửa hàng thành công
2026-07-25 16:01:06,176 [INFO] [LDPlayer-0] core.ban_do: Không tìm thấy ô trống, kéo quầy sang trái (1/3)...
2026-07-25 16:01:08,089 [INFO] [LDPlayer-0] core.ban_do: Kéo quầy hàng sang trái: (400,430) → (200,430)
2026-07-25 16:01:09,843 [INFO] [LDPlayer-0] core.ban_do: Không tìm thấy ô trống, kéo quầy sang trái (2/3)...
2026-07-25 16:01:11,822 [INFO] [LDPlayer-0] core.ban_do: Kéo quầy hàng sang trái: (400,430) → (200,430)
2026-07-25 16:01:13,511 [INFO] [LDPlayer-0] core.ban_do: Không tìm thấy ô trống, kéo quầy sang trái (3/3)...
2026-07-25 16:01:15,455 [INFO] [LDPlayer-0] core.ban_do: Kéo quầy hàng sang trái: (400,430) → (200,430)
2026-07-25 16:01:17,056 [WARNING] [LDPlayer-0] core.ban_do: Không tìm thấy ô trống sau 3 lần kéo (đã xem hết 20 ô)
2026-07-25 16:01:17,058 [WARNING] [LDPlayer-0] core.ban_do: Hết ô trống, dừng bán
2026-07-25 16:01:18,178 [INFO] [LDPlayer-0] core.image: [FIND_COLOR] ch_tinh_dau_tao: (343,490) shape=0.996 color=0.967 combined=0.979
2026-07-25 16:01:18,179 [INFO] [LDPlayer-0] core.ban_do: Tìm thấy VP 'ch_tinh_dau_tao' đã đặt bán tại (np.int64(343), np.int64(490)), click để bật QC
2026-07-25 16:01:19,896 [WARNING] [LDPlayer-0] core.ban_do: Không tìm thấy nút QC sau khi click VP 'ch_tinh_dau_tao'!
2026-07-25 16:01:20,302 [INFO] [LDPlayer-0] core.image: [FIND_COLOR] nut_x: (485,239) shape=0.973 color=0.989 combined=0.983
2026-07-25 16:01:20,304 [INFO] [LDPlayer-0] core.ban_do: Bấm nút X đóng popup tại (485, 239)
2026-07-25 16:01:22,191 [INFO] [LDPlayer-0] core.image: [FIND_COLOR] ch_tra_hoa_hong: (446,332) shape=0.997 color=0.986 combined=0.990
2026-07-25 16:01:22,194 [INFO] [LDPlayer-0] core.ban_do: Tìm thấy VP 'ch_tra_hoa_hong' đã đặt bán tại (np.int64(446), np.int64(332)), click để bật QC
2026-07-25 16:01:23,310 [INFO] [LDPlayer-0] core.image: [FIND_COLOR] dat_quang_cao: (401,558) shape=1.000 color=0.980 combined=0.988
2026-07-25 16:01:23,312 [INFO] [LDPlayer-0] core.ban_do: Tìm thấy nút QC tại (401, 558), click để bật QC
2026-07-25 16:01:24,135 [INFO] [LDPlayer-0] core.image: [FIND_COLOR] nut_x REJECT (no candidate passed color_threshold=0.6)
2026-07-25 16:01:24,137 [WARNING] [LDPlayer-0] core.ban_do: Không tìm thấy nút X
2026-07-25 16:01:24,674 [INFO] [LDPlayer-0] core.image: [FIND_COLOR] quay_hang_on: (350,236) shape=1.000 color=0.982 combined=0.989
2026-07-25 16:01:24,676 [INFO] [LDPlayer-0] core.ban_do: Vẫn đang ở cửa hàng sau khi đặt bán, về nhà để reset trạng thái...
2026-07-25 16:01:25,045 [INFO] [LDPlayer-0] core.ban_do: === Hoàn thành bán hàng ===
2026-07-25 16:01:25,047 [INFO] [LDPlayer-0] __main__: [LDPlayer-0] [DEBUG RESTART] Đã chạy: 0.85 phút / Yêu cầu: 1.20 phút
2026-07-25 16:01:25,061 [INFO] [LDPlayer-0] __main__: [LDPlayer-0] [test_ban] LẶP 2
2026-07-25 16:01:25,091 [INFO] [LDPlayer-0] __main__: [LDPlayer-0] [test_ban] Bán vật phẩm
2026-07-25 16:01:25,115 [INFO] [LDPlayer-0] core.ban_do: Danh sách template QC từ config: ['assets/items/ch_tinh_dau_tao.png', 'assets/items/ch_vai_vang.png', 'assets/items/ch_tra_hoa_hong.png'] và sau khi chuẩn hóa: ['assets/items/ch_tinh_dau_tao.png', 'assets/items/ch_vai_vang.png', 'assets/items/ch_tra_hoa_hong.png']
2026-07-25 16:01:25,120 [INFO] [LDPlayer-0] core.ban_do: Danh sách template xé KC từ config: ['assets/items/ch_tra_hoa_hong.png'] và sau khi chuẩn hóa: ['assets/items/ch_tra_hoa_hong.png']
2026-07-25 16:01:25,183 [INFO] [LDPlayer-0] core.ban_do: [STOCK] Tat check stock, ban theo thu tu VP cau hinh
2026-07-25 16:01:25,232 [INFO] [LDPlayer-0] core.ban_do: [STOCK] Bo qua check stock
2026-07-25 16:01:25,251 [INFO] [LDPlayer-0] core.ban_do: === BÁN HÀNG: kho=KTP, ô=4, VP=[{'path': 'assets/items/kho_tinh_dau_tao.png'}, {'path': 'assets/items/kho_vai_vang.png'}, {'path': 'assets/items/kho_tra_hoa_hong.png'}], QC=True, xé KC=False, threshold=0.85, color=0.6 ===
2026-07-25 16:01:25,267 [INFO] [LDPlayer-0] core.ban_do: [BAN DO] Ke hoach ban ngau nhien 4/4 lan: ['kho_tinh_dau_tao', 'kho_tra_hoa_hong', 'kho_vai_vang', 'kho_tinh_dau_tao']
2026-07-25 16:01:25,320 [INFO] [LDPlayer-0] core.ban_do: --- Đặt ô 1/4 ---
2026-07-25 16:01:25,957 [INFO] [LDPlayer-0] core.ban_do: Chưa ở cửa hàng, kiểm tra vị trí...
2026-07-25 16:01:26,921 [INFO] [LDPlayer-0] core.image: [FIND_COLOR] 0: (318,437) shape=0.993 color=0.996 combined=0.995
2026-07-25 16:01:26,922 [INFO] [LDPlayer-0] utils.utils: Nhận diện hàng hiện tại: 0 (lần 1)
2026-07-25 16:01:26,939 [INFO] [LDPlayer-0] core.ban_do: Đang ở hàng 0 (nhà), OK
2026-07-25 16:01:27,571 [WARNING] [LDPlayer-0] core.ban_do: Không tìm thấy nút X
2026-07-25 16:01:29,536 [INFO] [LDPlayer-0] core.image: [FIND_COLOR] quay_hang_on: (350,236) shape=1.000 color=0.982 combined=0.989
2026-07-25 16:01:29,540 [INFO] [LDPlayer-0] core.ban_do: Đã mở cửa hàng thành công
2026-07-25 16:01:31,205 [INFO] [LDPlayer-0] core.ban_do: Không tìm thấy ô trống, kéo quầy sang trái (1/3)...
2026-07-25 16:01:33,170 [INFO] [LDPlayer-0] core.ban_do: Kéo quầy hàng sang trái: (400,430) → (200,430)
2026-07-25 16:01:34,800 [INFO] [LDPlayer-0] core.ban_do: Không tìm thấy ô trống, kéo quầy sang trái (2/3)...
2026-07-25 16:01:36,736 [INFO] [LDPlayer-0] core.ban_do: Kéo quầy hàng sang trái: (400,430) → (200,430)
2026-07-25 16:01:38,411 [INFO] [LDPlayer-0] core.ban_do: Không tìm thấy ô trống, kéo quầy sang trái (3/3)...
2026-07-25 16:01:40,393 [INFO] [LDPlayer-0] core.ban_do: Kéo quầy hàng sang trái: (400,430) → (200,430)
2026-07-25 16:01:42,000 [WARNING] [LDPlayer-0] core.ban_do: Không tìm thấy ô trống sau 3 lần kéo (đã xem hết 20 ô)
2026-07-25 16:01:42,001 [WARNING] [LDPlayer-0] core.ban_do: Hết ô trống, dừng bán
2026-07-25 16:01:43,095 [INFO] [LDPlayer-0] core.image: [FIND_COLOR] ch_tinh_dau_tao: (343,490) shape=0.996 color=0.967 combined=0.979
2026-07-25 16:01:43,096 [INFO] [LDPlayer-0] core.ban_do: Tìm thấy VP 'ch_tinh_dau_tao' đã đặt bán tại (np.int64(343), np.int64(490)), click để bật QC
2026-07-25 16:01:44,202 [WARNING] [LDPlayer-0] core.ban_do: Không tìm thấy nút QC sau khi click VP 'ch_tinh_dau_tao'!
2026-07-25 16:01:44,640 [INFO] [LDPlayer-0] core.image: [FIND_COLOR] nut_x: (485,239) shape=0.973 color=0.989 combined=0.983
2026-07-25 16:01:44,643 [INFO] [LDPlayer-0] core.ban_do: Bấm nút X đóng popup tại (485, 239)
2026-07-25 16:01:46,735 [INFO] [LDPlayer-0] core.image: [FIND_COLOR] ch_tra_hoa_hong: (446,485) shape=0.987 color=0.983 combined=0.984
2026-07-25 16:01:46,737 [INFO] [LDPlayer-0] core.ban_do: Tìm thấy VP 'ch_tra_hoa_hong' đã đặt bán tại (np.int64(446), np.int64(485)), click để bật QC
2026-07-25 16:01:47,831 [INFO] [LDPlayer-0] core.image: [FIND_COLOR] dat_quang_cao REJECT (no candidate passed color_threshold=0.6)
2026-07-25 16:01:47,833 [WARNING] [LDPlayer-0] core.ban_do: Không tìm thấy nút QC sau khi click VP 'ch_tra_hoa_hong'!
2026-07-25 16:01:48,266 [INFO] [LDPlayer-0] core.image: [FIND_COLOR] nut_x: (485,239) shape=0.973 color=0.989 combined=0.983
2026-07-25 16:01:48,267 [INFO] [LDPlayer-0] core.ban_do: Bấm nút X đóng popup tại (485, 239)
2026-07-25 16:01:49,416 [WARNING] [LDPlayer-0] core.ban_do: Không tìm thấy VP nào đã đặt bán để bật QC!
2026-07-25 16:01:49,956 [WARNING] [LDPlayer-0] core.ban_do: Không tìm thấy nút X
2026-07-25 16:01:50,553 [INFO] [LDPlayer-0] core.image: [FIND_COLOR] quay_hang_on: (350,236) shape=1.000 color=0.982 combined=0.989
2026-07-25 16:01:50,567 [INFO] [LDPlayer-0] core.ban_do: Vẫn đang ở cửa hàng sau khi đặt bán, về nhà để reset trạng thái...
2026-07-25 16:01:50,912 [INFO] [LDPlayer-0] core.ban_do: === Hoàn thành bán hàng ===
2026-07-25 16:01:50,913 [INFO] [LDPlayer-0] __main__: [LDPlayer-0] [DEBUG RESTART] Đã chạy: 1.28 phút / Yêu cầu: 1.20 phút
2026-07-25 16:01:50,925 [INFO] [LDPlayer-0] __main__: [LDPlayer-0] Đã chạy liên tục 0.02 giờ. Tiến hành restart LDPlayer...
2026-07-25 16:01:50,942 [INFO] [LDPlayer-0] __main__: [LDPlayer-0] Tiến hành khởi động lại LDPlayer (Lần thử 1/3)...
2026-07-25 16:02:01,157 [INFO] [LDPlayer-0] __main__: [LDPlayer-0] Đang chờ LDPlayer khởi động và kết nối ADB...
2026-07-25 16:02:26,491 [INFO] [LDPlayer-0] __main__: [LDPlayer-0] LDPlayer đã sẵn sàng. Mở game...
2026-07-25 16:02:26,521 [INFO] [LDPlayer-0] core.vao_game: [VAO_GAME] Doi ADB san sang: emulator-5554
2026-07-25 16:02:26,576 [INFO] [LDPlayer-0] core.vao_game: [VAO_GAME] Mo game vn.kvtm.js tren emulator-5554
2026-07-25 16:02:26,579 [INFO] [LDPlayer-0] core.adb: [ADB] Kết nối thành công: emulator-5554
2026-07-25 16:02:27,529 [INFO] [LDPlayer-0] core.adb: [APP] Mở vn.kvtm.js
2026-07-25 16:02:42,531 [INFO] [LDPlayer-0] core.vao_game: [VAO_GAME] Doi man hinh tai khoan
2026-07-25 16:02:43,779 [INFO] [LDPlayer-0] core.vao_game: [VAO_GAME] Chua thay nut tai khoan, doi tiep...
2026-07-25 16:02:46,003 [INFO] [LDPlayer-0] core.image: [FIND_COLOR] tai_khoan: (689,742) shape=0.835 color=1.000 combined=0.934
2026-07-25 16:02:46,004 [INFO] [LDPlayer-0] core.vao_game: [VAO_GAME] Tap tai khoan tai (np.int64(689), np.int64(742))
2026-07-25 16:02:49,075 [INFO] [LDPlayer-0] core.image: [FIND_COLOR] tai_khoan_on: (690,741) shape=0.822 color=0.999 combined=0.928
2026-07-25 16:02:49,079 [INFO] [LDPlayer-0] core.vao_game: [VAO_GAME] Tai khoan da duoc chon
2026-07-25 16:02:49,095 [INFO] [LDPlayer-0] core.vao_game: [VAO_GAME] Doi icon game xuat hien
2026-07-25 16:02:49,486 [INFO] [LDPlayer-0] core.image: [FIND_COLOR] icon_game: (93,563) shape=0.847 color=0.999 combined=0.938
2026-07-25 16:02:49,489 [INFO] [LDPlayer-0] core.vao_game: [VAO_GAME] Da thay icon game tai (np.int64(93), np.int64(563))
2026-07-25 16:02:50,051 [INFO] [LDPlayer-0] core.vao_game: [VAO_GAME] Doi game load 40s
2026-07-25 16:03:30,847 [WARNING] [LDPlayer-0] core.vao_game: [VAO_GAME] Chua thay log_game.png
2026-07-25 16:03:30,848 [WARNING] [LDPlayer-0] __main__: [LDPlayer-0] Vào game lỗi (Chưa thấy log_game.png). Thử lại...
2026-07-25 16:03:30,859 [INFO] [LDPlayer-0] __main__: [LDPlayer-0] Tiến hành khởi động lại LDPlayer (Lần thử 2/3)...
2026-07-25 16:03:40,899 [INFO] [LDPlayer-0] __main__: [LDPlayer-0] Đang chờ LDPlayer khởi động và kết nối ADB...
2026-07-25 16:04:06,221 [INFO] [LDPlayer-0] __main__: [LDPlayer-0] LDPlayer đã sẵn sàng. Mở game...
2026-07-25 16:04:06,235 [INFO] [LDPlayer-0] core.vao_game: [VAO_GAME] Doi ADB san sang: emulator-5554
2026-07-25 16:04:06,294 [INFO] [LDPlayer-0] core.vao_game: [VAO_GAME] Mo game vn.kvtm.js tren emulator-5554
2026-07-25 16:04:06,296 [INFO] [LDPlayer-0] core.adb: [ADB] Kết nối thành công: emulator-5554
2026-07-25 16:04:06,563 [INFO] [LDPlayer-0] core.adb: [APP] Mở vn.kvtm.js
2026-07-25 16:04:21,566 [INFO] [LDPlayer-0] core.vao_game: [VAO_GAME] Doi man hinh tai khoan
2026-07-25 16:04:22,512 [INFO] [LDPlayer-0] core.image: [FIND_COLOR] tai_khoan: (689,742) shape=0.835 color=1.000 combined=0.934
2026-07-25 16:04:22,514 [INFO] [LDPlayer-0] core.vao_game: [VAO_GAME] Tap tai khoan tai (np.int64(689), np.int64(742))
2026-07-25 16:04:25,549 [INFO] [LDPlayer-0] core.image: [FIND_COLOR] tai_khoan_on: (690,741) shape=0.822 color=0.999 combined=0.928
2026-07-25 16:04:25,551 [INFO] [LDPlayer-0] core.vao_game: [VAO_GAME] Tai khoan da duoc chon
2026-07-25 16:04:25,567 [INFO] [LDPlayer-0] core.vao_game: [VAO_GAME] Doi icon game xuat hien
2026-07-25 16:04:25,928 [INFO] [LDPlayer-0] core.image: [FIND_COLOR] icon_game: (93,563) shape=0.847 color=0.999 combined=0.938
2026-07-25 16:04:25,930 [INFO] [LDPlayer-0] core.vao_game: [VAO_GAME] Da thay icon game tai (np.int64(93), np.int64(563))
2026-07-25 16:04:26,383 [INFO] [LDPlayer-0] core.vao_game: [VAO_GAME] Doi game load 40s
2026-07-25 16:05:07,038 [WARNING] [LDPlayer-0] core.vao_game: [VAO_GAME] Chua thay log_game.png
2026-07-25 16:05:07,039 [WARNING] [LDPlayer-0] __main__: [LDPlayer-0] Vào game lỗi (Chưa thấy log_game.png). Thử lại...
2026-07-25 16:05:07,049 [INFO] [LDPlayer-0] __main__: [LDPlayer-0] Tiến hành khởi động lại LDPlayer (Lần thử 3/3)...
2026-07-25 16:05:17,091 [INFO] [LDPlayer-0] __main__: [LDPlayer-0] Đang chờ LDPlayer khởi động và kết nối ADB...
2026-07-25 16:05:42,462 [INFO] [LDPlayer-0] __main__: [LDPlayer-0] LDPlayer đã sẵn sàng. Mở game...
2026-07-25 16:05:42,494 [INFO] [LDPlayer-0] core.vao_game: [VAO_GAME] Doi ADB san sang: emulator-5554
2026-07-25 16:05:42,564 [INFO] [LDPlayer-0] core.vao_game: [VAO_GAME] Mo game vn.kvtm.js tren emulator-5554
2026-07-25 16:05:42,569 [INFO] [LDPlayer-0] core.adb: [ADB] Kết nối thành công: emulator-5554
2026-07-25 16:05:42,918 [INFO] [LDPlayer-0] core.adb: [APP] Mở vn.kvtm.js
2026-07-25 16:05:58,405 [INFO] [LDPlayer-0] core.vao_game: [VAO_GAME] Doi man hinh tai khoan
2026-07-25 16:05:59,509 [INFO] [LDPlayer-0] core.vao_game: [VAO_GAME] Chua thay nut tai khoan, doi tiep...
2026-07-25 16:06:01,823 [INFO] [LDPlayer-0] core.image: [FIND_COLOR] tai_khoan: (689,742) shape=0.835 color=1.000 combined=0.934
2026-07-25 16:06:01,825 [INFO] [LDPlayer-0] core.vao_game: [VAO_GAME] Tap tai khoan tai (np.int64(689), np.int64(742))
2026-07-25 16:06:04,804 [INFO] [LDPlayer-0] core.image: [FIND_COLOR] tai_khoan_on: (690,741) shape=0.822 color=0.999 combined=0.928
2026-07-25 16:06:04,806 [INFO] [LDPlayer-0] core.vao_game: [VAO_GAME] Tai khoan da duoc chon
2026-07-25 16:06:04,825 [INFO] [LDPlayer-0] core.vao_game: [VAO_GAME] Doi icon game xuat hien
2026-07-25 16:06:05,214 [INFO] [LDPlayer-0] core.image: [FIND_COLOR] icon_game: (93,563) shape=0.847 color=0.999 combined=0.938
2026-07-25 16:06:05,215 [INFO] [LDPlayer-0] core.vao_game: [VAO_GAME] Da thay icon game tai (np.int64(93), np.int64(563))
2026-07-25 16:06:05,678 [INFO] [LDPlayer-0] core.vao_game: [VAO_GAME] Doi game load 40s
2026-07-25 16:06:46,287 [INFO] [LDPlayer-0] core.image: [FIND_COLOR] check_log_game: (774,775) shape=0.982 color=0.993 combined=0.988
2026-07-25 16:06:46,763 [INFO] [LDPlayer-0] core.vao_game: [VAO_GAME] Da thay log game tai (np.int64(774), np.int64(775))
2026-07-25 16:06:46,780 [INFO] [LDPlayer-0] core.vao_game: [VAO_GAME] Dong popup/quang cao 1/5 tai (735,420)
2026-07-25 16:06:49,322 [INFO] [LDPlayer-0] core.vao_game: [VAO_GAME] Dong popup/quang cao 2/5 tai (735,420)
2026-07-25 16:06:51,691 [INFO] [LDPlayer-0] core.vao_game: [VAO_GAME] Dong popup/quang cao 3/5 tai (735,420)
2026-07-25 16:06:54,022 [INFO] [LDPlayer-0] core.vao_game: [VAO_GAME] Dong popup/quang cao 4/5 tai (735,420)
2026-07-25 16:06:56,373 [INFO] [LDPlayer-0] core.vao_game: [VAO_GAME] Dong popup/quang cao 5/5 tai (735,420)
2026-07-25 16:06:58,789 [INFO] [LDPlayer-0] __main__: [LDPlayer-0] Hoàn tất mở game sau khi restart LD.
2026-07-25 16:06:58,790 [INFO] [LDPlayer-0] __main__: [LDPlayer-0] [test_ban] LẶP 3
2026-07-25 16:06:58,819 [INFO] [LDPlayer-0] __main__: [LDPlayer-0] [test_ban] Bán vật phẩm
2026-07-25 16:06:58,840 [INFO] [LDPlayer-0] core.ban_do: Danh sách template QC từ config: ['assets/items/ch_tinh_dau_tao.png', 'assets/items/ch_vai_vang.png', 'assets/items/ch_tra_hoa_hong.png'] và sau khi chuẩn hóa: ['assets/items/ch_tinh_dau_tao.png', 'assets/items/ch_vai_vang.png', 'assets/items/ch_tra_hoa_hong.png']
2026-07-25 16:06:58,844 [INFO] [LDPlayer-0] core.ban_do: Danh sách template xé KC từ config: ['assets/items/ch_tra_hoa_hong.png'] và sau khi chuẩn hóa: ['assets/items/ch_tra_hoa_hong.png']
2026-07-25 16:06:58,902 [INFO] [LDPlayer-0] core.ban_do: [STOCK] Tat check stock, ban theo thu tu VP cau hinh
2026-07-25 16:06:58,952 [INFO] [LDPlayer-0] core.ban_do: [STOCK] Bo qua check stock
2026-07-25 16:06:58,976 [INFO] [LDPlayer-0] core.ban_do: === BÁN HÀNG: kho=KTP, ô=4, VP=[{'path': 'assets/items/kho_tinh_dau_tao.png'}, {'path': 'assets/items/kho_vai_vang.png'}, {'path': 'assets/items/kho_tra_hoa_hong.png'}], QC=True, xé KC=False, threshold=0.85, color=0.6 ===
2026-07-25 16:06:58,998 [INFO] [LDPlayer-0] core.ban_do: [BAN DO] Ke hoach ban ngau nhien 4/4 lan: ['kho_tinh_dau_tao', 'kho_tra_hoa_hong', 'kho_vai_vang', 'kho_tinh_dau_tao']
2026-07-25 16:06:59,049 [INFO] [LDPlayer-0] core.ban_do: --- Đặt ô 1/4 ---
2026-07-25 16:06:59,622 [INFO] [LDPlayer-0] core.image: [FIND_COLOR] quay_hang_on: (350,236) shape=1.000 color=0.982 combined=0.989
2026-07-25 16:06:59,623 [INFO] [LDPlayer-0] core.ban_do: Đã ở cửa hàng
2026-07-25 16:07:01,203 [INFO] [LDPlayer-0] core.ban_do: Không tìm thấy ô trống, kéo quầy sang trái (1/3)...
2026-07-25 16:07:03,174 [INFO] [LDPlayer-0] core.ban_do: Kéo quầy hàng sang trái: (400,430) → (200,430)
2026-07-25 16:07:04,849 [INFO] [LDPlayer-0] core.ban_do: Không tìm thấy ô trống, kéo quầy sang trái (2/3)...
2026-07-25 16:07:06,778 [INFO] [LDPlayer-0] core.ban_do: Kéo quầy hàng sang trái: (400,430) → (200,430)
2026-07-25 16:07:08,448 [INFO] [LDPlayer-0] core.ban_do: Không tìm thấy ô trống, kéo quầy sang trái (3/3)...
2026-07-25 16:07:10,382 [INFO] [LDPlayer-0] core.ban_do: Kéo quầy hàng sang trái: (400,430) → (200,430)
2026-07-25 16:07:12,030 [WARNING] [LDPlayer-0] core.ban_do: Không tìm thấy ô trống sau 3 lần kéo (đã xem hết 20 ô)
2026-07-25 16:07:12,032 [WARNING] [LDPlayer-0] core.ban_do: Hết ô trống, dừng bán
2026-07-25 16:07:13,105 [INFO] [LDPlayer-0] core.image: [FIND_COLOR] ch_tinh_dau_tao: (343,490) shape=0.996 color=0.967 combined=0.979
2026-07-25 16:07:13,106 [INFO] [LDPlayer-0] core.ban_do: Tìm thấy VP 'ch_tinh_dau_tao' đã đặt bán tại (np.int64(343), np.int64(490)), click để bật QC
2026-07-25 16:07:14,238 [WARNING] [LDPlayer-0] core.ban_do: Không tìm thấy nút QC sau khi click VP 'ch_tinh_dau_tao'!
2026-07-25 16:07:14,751 [INFO] [LDPlayer-0] core.image: [FIND_COLOR] nut_x: (485,239) shape=0.973 color=0.989 combined=0.983
2026-07-25 16:07:14,753 [INFO] [LDPlayer-0] core.ban_do: Bấm nút X đóng popup tại (485, 239)
2026-07-25 16:07:16,656 [INFO] [LDPlayer-0] core.image: [FIND_COLOR] ch_tra_hoa_hong: (446,485) shape=0.987 color=0.983 combined=0.984
2026-07-25 16:07:16,658 [INFO] [LDPlayer-0] core.ban_do: Tìm thấy VP 'ch_tra_hoa_hong' đã đặt bán tại (np.int64(446), np.int64(485)), click để bật QC
2026-07-25 16:07:17,784 [INFO] [LDPlayer-0] core.image: [FIND_COLOR] dat_quang_cao REJECT (no candidate passed color_threshold=0.6)
2026-07-25 16:07:17,784 [WARNING] [LDPlayer-0] core.ban_do: Không tìm thấy nút QC sau khi click VP 'ch_tra_hoa_hong'!
2026-07-25 16:07:18,232 [INFO] [LDPlayer-0] core.image: [FIND_COLOR] nut_x: (485,239) shape=0.973 color=0.989 combined=0.983
2026-07-25 16:07:18,466 [INFO] [LDPlayer-0] core.ban_do: Bấm nút X đóng popup tại (485, 239)
2026-07-25 16:07:19,650 [WARNING] [LDPlayer-0] core.ban_do: Không tìm thấy VP nào đã đặt bán để bật QC!
2026-07-25 16:07:20,147 [WARNING] [LDPlayer-0] core.ban_do: Không tìm thấy nút X
2026-07-25 16:07:20,651 [INFO] [LDPlayer-0] core.image: [FIND_COLOR] quay_hang_on: (350,236) shape=1.000 color=0.982 combined=0.989
2026-07-25 16:07:20,653 [INFO] [LDPlayer-0] core.ban_do: Vẫn đang ở cửa hàng sau khi đặt bán, về nhà để reset trạng thái...
2026-07-25 16:07:21,010 [INFO] [LDPlayer-0] core.ban_do: === Hoàn thành bán hàng ===
2026-07-25 16:07:21,011 [INFO] [LDPlayer-0] __main__: [LDPlayer-0] [DEBUG RESTART] Đã chạy: 0.37 phút / Yêu cầu: 1.20 phút
2026-07-25 16:07:21,024 [INFO] [LDPlayer-0] __main__: [LDPlayer-0] [test_ban] LẶP 4
2026-07-25 16:07:21,059 [INFO] [LDPlayer-0] __main__: [LDPlayer-0] [test_ban] Bán vật phẩm
2026-07-25 16:07:21,077 [INFO] [LDPlayer-0] core.ban_do: Danh sách template QC từ config: ['assets/items/ch_tinh_dau_tao.png', 'assets/items/ch_vai_vang.png', 'assets/items/ch_tra_hoa_hong.png'] và sau khi chuẩn hóa: ['assets/items/ch_tinh_dau_tao.png', 'assets/items/ch_vai_vang.png', 'assets/items/ch_tra_hoa_hong.png']
2026-07-25 16:07:21,080 [INFO] [LDPlayer-0] core.ban_do: Danh sách template xé KC từ config: ['assets/items/ch_tra_hoa_hong.png'] và sau khi chuẩn hóa: ['assets/items/ch_tra_hoa_hong.png']
2026-07-25 16:07:21,144 [INFO] [LDPlayer-0] core.ban_do: [STOCK] Tat check stock, ban theo thu tu VP cau hinh
2026-07-25 16:07:21,190 [INFO] [LDPlayer-0] core.ban_do: [STOCK] Bo qua check stock
2026-07-25 16:07:21,210 [INFO] [LDPlayer-0] core.ban_do: === BÁN HÀNG: kho=KTP, ô=4, VP=[{'path': 'assets/items/kho_tinh_dau_tao.png'}, {'path': 'assets/items/kho_vai_vang.png'}, {'path': 'assets/items/kho_tra_hoa_hong.png'}], QC=True, xé KC=False, threshold=0.85, color=0.6 ===
2026-07-25 16:07:21,230 [INFO] [LDPlayer-0] core.ban_do: [BAN DO] Ke hoach ban ngau nhien 4/4 lan: ['kho_tra_hoa_hong', 'kho_vai_vang', 'kho_tinh_dau_tao', 'kho_tra_hoa_hong']
2026-07-25 16:07:21,281 [INFO] [LDPlayer-0] core.ban_do: --- Đặt ô 1/4 ---
2026-07-25 16:07:21,924 [INFO] [LDPlayer-0] core.ban_do: Chưa ở cửa hàng, kiểm tra vị trí...
2026-07-25 16:07:24,470 [INFO] [LDPlayer-0] utils.utils: Lần 1 không nhận diện được hàng, chụp lại...
2026-07-25 16:07:25,112 [INFO] [LDPlayer-0] core.image: [FIND_COLOR] 0: (318,437) shape=0.993 color=0.996 combined=0.995
2026-07-25 16:07:25,113 [INFO] [LDPlayer-0] utils.utils: Nhận diện hàng hiện tại: 0 (lần 2)
2026-07-25 16:07:25,129 [INFO] [LDPlayer-0] core.ban_do: Đang ở hàng 0 (nhà), OK
2026-07-25 16:07:25,774 [WARNING] [LDPlayer-0] core.ban_do: Không tìm thấy nút X
2026-07-25 16:07:27,637 [WARNING] [LDPlayer-0] core.ban_do: Lần 1 không mở được, thử lại...
2026-07-25 16:07:28,122 [WARNING] [LDPlayer-0] core.ban_do: Không tìm thấy nút X
2026-07-25 16:07:29,948 [WARNING] [LDPlayer-0] core.ban_do: Không mở được cửa hàng!
2026-07-25 16:07:29,950 [ERROR] [LDPlayer-0] core.ban_do: Không vào được cửa hàng, bỏ qua lần này
2026-07-25 16:07:29,966 [INFO] [LDPlayer-0] core.ban_do: --- Đặt ô 2/4 ---
2026-07-25 16:07:30,465 [INFO] [LDPlayer-0] core.ban_do: Chưa ở cửa hàng, kiểm tra vị trí...
2026-07-25 16:07:32,846 [INFO] [LDPlayer-0] utils.utils: Lần 1 không nhận diện được hàng, chụp lại...
2026-07-25 16:07:34,291 [INFO] [LDPlayer-0] core.ban_do: Không nhận diện được hàng, thử tiếp...
2026-07-25 16:07:34,876 [WARNING] [LDPlayer-0] core.ban_do: Không tìm thấy nút X
2026-07-25 16:07:36,630 [WARNING] [LDPlayer-0] core.ban_do: Lần 1 không mở được, thử lại...
2026-07-25 16:07:37,080 [INFO] [LDPlayer-0] core.image: [FIND_COLOR] nut_x: (775,23) shape=0.924 color=0.985 combined=0.961
2026-07-25 16:07:37,081 [INFO] [LDPlayer-0] core.ban_do: Bấm nút X đóng popup tại (775, 23)
2026-07-25 16:07:39,921 [INFO] [LDPlayer-0] core.image: [FIND_COLOR] quay_hang_on: (350,236) shape=1.000 color=0.982 combined=0.989
2026-07-25 16:07:39,923 [INFO] [LDPlayer-0] core.ban_do: Đã mở cửa hàng thành công (retry)
2026-07-25 16:07:41,627 [INFO] [LDPlayer-0] core.image: [FIND_COLOR] vang3: (444,346) shape=0.968 color=0.993 combined=0.983
2026-07-25 16:07:41,629 [INFO] [LDPlayer-0] core.ban_do: Tim thay o vang tai (np.int64(444), np.int64(346)) (sau 0 lan keo)
2026-07-25 16:07:45,148 [INFO] [LDPlayer-0] core.ban_do: Chon kho bang toa do co dinh: (361, 353)
2026-07-25 16:07:47,015 [INFO] [LDPlayer-0] core.ban_do: [STOCK] Thu SP voi danh sach: [{'path': 'assets/items/kho_vai_vang.png'}, {'path': 'assets/items/kho_tinh_dau_tao.png'}, {'path': 'assets/items/kho_tra_hoa_hong.png'}]
2026-07-25 16:07:47,017 [INFO] [LDPlayer-0] core.ban_do: [STOCK] Thu SP theo thu tu: [{'path': 'assets/items/kho_vai_vang.png', 'threshold': 0.85, 'color_threshold': 0.6, 'region': None}, {'path': 'assets/items/kho_tinh_dau_tao.png', 'threshold': 0.85, 'color_threshold': 0.6, 'region': None}, {'path': 'assets/items/kho_tra_hoa_hong.png', 'threshold': 0.85, 'color_threshold': 0.6, 'region': None}]
2026-07-25 16:07:47,832 [INFO] [LDPlayer-0] core.image: [FIND_COLOR] kho_vai_vang: (204,313) shape=0.905 color=0.993 combined=0.958
2026-07-25 16:07:51,964 [INFO] [LDPlayer-0] core.ban_do: Đặt bán 'kho_vai_vang' thành công!
2026-07-25 16:07:52,291 [INFO] [LDPlayer-0] core.ban_do: --- Đặt ô 3/4 ---
2026-07-25 16:07:52,851 [INFO] [LDPlayer-0] core.image: [FIND_COLOR] quay_hang_on: (350,236) shape=1.000 color=0.982 combined=0.989
2026-07-25 16:07:52,853 [INFO] [LDPlayer-0] core.ban_do: Đã ở cửa hàng
2026-07-25 16:07:54,666 [INFO] [LDPlayer-0] core.ban_do: Không tìm thấy ô trống, kéo quầy sang trái (1/3)...
2026-07-25 16:07:56,644 [INFO] [LDPlayer-0] core.ban_do: Kéo quầy hàng sang trái: (400,430) → (200,430)
2026-07-25 16:07:58,259 [INFO] [LDPlayer-0] core.ban_do: Không tìm thấy ô trống, kéo quầy sang trái (2/3)...
2026-07-25 16:08:00,207 [INFO] [LDPlayer-0] core.ban_do: Kéo quầy hàng sang trái: (400,430) → (200,430)
2026-07-25 16:08:01,910 [INFO] [LDPlayer-0] core.ban_do: Không tìm thấy ô trống, kéo quầy sang trái (3/3)...
2026-07-25 16:08:03,864 [INFO] [LDPlayer-0] core.ban_do: Kéo quầy hàng sang trái: (400,430) → (200,430)
2026-07-25 16:08:05,544 [WARNING] [LDPlayer-0] core.ban_do: Không tìm thấy ô trống sau 3 lần kéo (đã xem hết 20 ô)
2026-07-25 16:08:05,545 [WARNING] [LDPlayer-0] core.ban_do: Hết ô trống, dừng bán
2026-07-25 16:08:06,109 [WARNING] [LDPlayer-0] core.ban_do: Không tìm thấy nút X
2026-07-25 16:08:06,663 [INFO] [LDPlayer-0] core.image: [FIND_COLOR] quay_hang_on: (350,236) shape=1.000 color=0.982 combined=0.989
2026-07-25 16:08:06,665 [INFO] [LDPlayer-0] core.ban_do: Vẫn đang ở cửa hàng sau khi đặt bán, về nhà để reset trạng thái...
2026-07-25 16:08:07,017 [INFO] [LDPlayer-0] core.ban_do: === Hoàn thành bán hàng ===
2026-07-25 16:08:07,018 [INFO] [LDPlayer-0] __main__: [LDPlayer-0] [DEBUG RESTART] Đã chạy: 1.14 phút / Yêu cầu: 1.20 phút
2026-07-25 16:08:07,030 [INFO] [LDPlayer-0] __main__: [LDPlayer-0] [test_ban] LẶP 5
2026-07-25 16:08:07,058 [INFO] [LDPlayer-0] __main__: [LDPlayer-0] [test_ban] Bán vật phẩm
2026-07-25 16:08:07,080 [INFO] [LDPlayer-0] core.ban_do: Danh sách template QC từ config: ['assets/items/ch_tinh_dau_tao.png', 'assets/items/ch_vai_vang.png', 'assets/items/ch_tra_hoa_hong.png'] và sau khi chuẩn hóa: ['assets/items/ch_tinh_dau_tao.png', 'assets/items/ch_vai_vang.png', 'assets/items/ch_tra_hoa_hong.png']
2026-07-25 16:08:07,084 [INFO] [LDPlayer-0] core.ban_do: Danh sách template xé KC từ config: ['assets/items/ch_tra_hoa_hong.png'] và sau khi chuẩn hóa: ['assets/items/ch_tra_hoa_hong.png']
2026-07-25 16:08:07,141 [INFO] [LDPlayer-0] core.ban_do: [STOCK] Tat check stock, ban theo thu tu VP cau hinh
2026-07-25 16:08:07,183 [INFO] [LDPlayer-0] core.ban_do: [STOCK] Bo qua check stock
2026-07-25 16:08:07,202 [INFO] [LDPlayer-0] core.ban_do: === BÁN HÀNG: kho=KTP, ô=4, VP=[{'path': 'assets/items/kho_tinh_dau_tao.png'}, {'path': 'assets/items/kho_vai_vang.png'}, {'path': 'assets/items/kho_tra_hoa_hong.png'}], QC=True, xé KC=False, threshold=0.85, color=0.6 ===
2026-07-25 16:08:07,219 [INFO] [LDPlayer-0] core.ban_do: [BAN DO] Ke hoach ban ngau nhien 4/4 lan: ['kho_vai_vang', 'kho_tra_hoa_hong', 'kho_tinh_dau_tao', 'kho_vai_vang']
2026-07-25 16:08:07,268 [INFO] [LDPlayer-0] core.ban_do: --- Đặt ô 1/4 ---
2026-07-25 16:08:07,890 [INFO] [LDPlayer-0] core.ban_do: Chưa ở cửa hàng, kiểm tra vị trí...
2026-07-25 16:08:08,837 [INFO] [LDPlayer-0] core.image: [FIND_COLOR] 0: (318,437) shape=0.993 color=0.996 combined=0.995
2026-07-25 16:08:08,839 [INFO] [LDPlayer-0] utils.utils: Nhận diện hàng hiện tại: 0 (lần 1)
2026-07-25 16:08:08,856 [INFO] [LDPlayer-0] core.ban_do: Đang ở hàng 0 (nhà), OK
2026-07-25 16:08:09,489 [WARNING] [LDPlayer-0] core.ban_do: Không tìm thấy nút X
2026-07-25 16:08:11,469 [INFO] [LDPlayer-0] core.image: [FIND_COLOR] quay_hang_on: (350,236) shape=1.000 color=0.982 combined=0.989
2026-07-25 16:08:11,471 [INFO] [LDPlayer-0] core.ban_do: Đã mở cửa hàng thành công
2026-07-25 16:08:13,100 [INFO] [LDPlayer-0] core.ban_do: Không tìm thấy ô trống, kéo quầy sang trái (1/3)...
2026-07-25 16:08:15,053 [INFO] [LDPlayer-0] core.ban_do: Kéo quầy hàng sang trái: (400,430) → (200,430)
2026-07-25 16:08:16,706 [INFO] [LDPlayer-0] core.ban_do: Không tìm thấy ô trống, kéo quầy sang trái (2/3)...
2026-07-25 16:08:18,678 [INFO] [LDPlayer-0] core.ban_do: Kéo quầy hàng sang trái: (400,430) → (200,430)
2026-07-25 16:08:20,411 [INFO] [LDPlayer-0] core.ban_do: Không tìm thấy ô trống, kéo quầy sang trái (3/3)...
2026-07-25 16:08:22,326 [INFO] [LDPlayer-0] core.ban_do: Kéo quầy hàng sang trái: (400,430) → (200,430)
2026-07-25 16:08:22,650 [INFO] [main] __main__: [LDPlayer-0] Đang dừng...
2026-07-25 16:08:22,651 [WARNING] [LDPlayer-0] core.ban_do: Hết ô trống, dừng bán
2026-07-25 16:08:22,662 [INFO] [LDPlayer-0] core.ban_do: === Hoàn thành bán hàng ===
2026-07-25 16:08:22,679 [INFO] [LDPlayer-0] __main__: [LDPlayer-0] [test_ban] Đã dừng.
